<html>
<body>
<pre>
<h1>µVision Build Log</h1>
<h2>Tool Versions:</h2>
IDE-Version: µVision V5.24.2.0
Copyright (C) 2017 ARM Ltd and ARM Germany GmbH. All rights reserved.
License Information: trung hoang, t2, LIC=P6F8T-RWLZL-E00N4-FJJMG-N70GY-F0RV1
 
Tool Versions:
Toolchain:       MDK-ARM Professional  Version: 5.24.1
Toolchain Path:  C:\Keil_v5\ARM\ARMCC\Bin
C Compiler:      Armcc.exe V5.06 update 5 (build 528)
Assembler:       Armasm.exe V5.06 update 5 (build 528)
Linker/Locator:  ArmLink.exe V5.06 update 5 (build 528)
Library Manager: ArmAr.exe V5.06 update 5 (build 528)
Hex Converter:   FromElf.exe V5.06 update 5 (build 528)
CPU DLL:         SARMCM3.DLL V5.24.1
Dialog DLL:      DARMSTM.DLL V1.68.0.0
Target DLL:      STLink\ST-LINKIII-KEIL_SWO.dll V3.0.1.0
Dialog DLL:      TARMSTM.DLL V1.66.0.0
 
<h2>Project:</h2>
C:\Users\hvtms\Desktop\rak831_stm\Project\RVMDK\BH-F103.uvprojx
Project File Date:  08/31/2018

<h2>Output:</h2>
*** Using Compiler 'V5.06 update 5 (build 528)', folder: 'C:\Keil_v5\ARM\ARMCC\Bin'
Build target 'USART'
compiling main.c...
..\..\User\SX1301\inc\loragw_spi.h(55): warning:  #1295-D: Deprecated declaration SX1301_SPI_Config - give arg types
  void SX1301_SPI_Config();
..\..\User\SX1301\inc\loragw_spi.h(56): warning:  #1295-D: Deprecated declaration SX1301_Reset - give arg types
  void SX1301_Reset();
..\..\User\main.c(68): warning:  #550-D: variable "buff"  was set but never used
  	uint8_t buff[33];
..\..\User\main.c(69): warning:  #177-D: variable "data"  was declared but never referenced
  	uint8_t data;
..\..\User\main.c: 4 warnings, 0 errors
linking...
Program Size: Code=8436 RO-data=4284 RW-data=104 ZI-data=1144  
FromELF: creating hex file...
"..\..\Output\USART.axf" - 0 Error(s), 4 Warning(s).

<h2>Software Packages used:</h2>

Package Vendor: Keil
                http://www.keil.com/pack/Keil.STM32F1xx_DFP.1.1.0.pack
                Keil.STM32F1xx_DFP.1.1.0
                STMicroelectronics STM32F1 Series Device Support, Drivers and Examples

<h2>Collection of Component include folders:</h2>
  .\RTE\_USART
  C:\Keil_v5\ARM\PACK\Keil\STM32F1xx_DFP\1.1.0\Device\Include

<h2>Collection of Component Files used:</h2>
Build Time Elapsed:  00:00:01
</pre>
</body>
</html>
